package org.assertj.assertions.generator.data.generic;

/**
 * {@link MultipleGenerics} specific assertions - Generated by CustomAssertionGenerator.
 *
 * Although this class is not final to allow Soft assertions proxy, if you wish to extend it, 
 * extend {@link AbstractMultipleGenericsAssert} instead.
 */
@javax.annotation.Generated(value="assertj-assertions-generator")
public class MultipleGenericsAssert extends AbstractMultipleGenericsAssert<MultipleGenericsAssert, MultipleGenerics> {

  /**
   * Creates a new <code>{@link MultipleGenericsAssert}</code> to make assertions on actual MultipleGenerics.
   * @param actual the MultipleGenerics we want to make assertions on.
   */
  public MultipleGenericsAssert(MultipleGenerics actual) {
    super(actual, MultipleGenericsAssert.class);
  }

  /**
   * An entry point for MultipleGenericsAssert to follow AssertJ standard <code>assertThat()</code> statements.<br>
   * With a static import, one can write directly: <code>assertThat(myMultipleGenerics)</code> and get specific assertion with code completion.
   * @param actual the MultipleGenerics we want to make assertions on.
   * @return a new <code>{@link MultipleGenericsAssert}</code>
   */
  @org.assertj.core.util.CheckReturnValue
  public static MultipleGenericsAssert assertThat(MultipleGenerics actual) {
    return new MultipleGenericsAssert(actual);
  }
}
